<div id="e3">
    <p>123 漢字 abc</p>
    <p>漢字 abc</p>
    <p>漢字 123</p>
</div>
