<div id="e4">
    <p>123 漢字 abc</p>
    <textarea>中文abc漢字5566</textarea>
    <p>中文 7788</p>
    <textarea><div>中文abc漢字5566<span>漢字123</span></div></textarea>
    <label> 選項 (必填)</label>
    <input type="text" value="中文123漢字abc" />
</div>
