<div id="p1">
    <h1>好 abc 個秋</h1>
    <div>
        <p><a href="#">abc1</a> 漢字一</p>
        <p><a href="#">abc2</a><pangu> </pangu><a href="#">漢字二</a></p>
    </div>
    <div>
        <p>123 漢字 abc</p>
        <p>漢字 abc</p>
        <br>
        <p>漢字 123</p>
    </div>
    <div>
        <p>123 漢字 abc</p>
        <p>123 漢字<br>abc</p>
        <br>
        <textarea>中文abc漢字5566</textarea>
        <p>中文 7788</p>
        <textarea><div>中文abc漢字5566<span>漢字123</span></div></textarea>
        <label>選項 (必填) ex</label>
        <input type="text" value="中文123漢字abc" />
        <p>中文 2266</p>
    </div>
    <div>
        <div contenteditable="true">abc漢字1</div>
        <div contenteditable="false">abc 漢字 2</div>
        <div g_editable="true">abc漢字3</div>
        <div g_editable="false">abc 漢字 4</div>
    </div>
</div>
